defined
Jump!
Child of Mario
The flag of Mario
The flag of Child of Mario

